--- Setting up Local Face Match Internal Test ---
node.exe : 
Aborted(Error: ENOENT: 
no such file or 
directory, open 'C:\Use
rs\Lenovo\.gemini\antig
ravity\scratch\India-In
novates-Auxesis\backend
\https:\cdn.jsdelivr.ne
t\npm\@tensorflow\tfjs-
backend-wasm@4.22.0\dis
t\tfjs-backend-wasm-sim
d.wasm')
At line:1 char:1
+ & "C:\Program 
Files\nodejs/node.exe" 
"C:\Program 
Files\nodejs/node_mo 
...
+ ~~~~~~~~~~~~~~~~~~~~~
~~~~~~~~~~~~~~~~~~~~~~~
~~~~~~~~~~~~~~~~~~~~~~~
~~
    + CategoryInfo     
         : NotSpecifi  
  ed: (Aborted(Error   
 : ...asm-simd.wasm    
'):String) [], Rem    
oteException
    + FullyQualifiedEr 
   rorId : NativeComm  
  andError
 
failed to 
asynchronously prepare 
wasm: RuntimeError: 
Aborted(Error: ENOENT: 
no such file or 
directory, open 'C:\Use
rs\Lenovo\.gemini\antig
ravity\scratch\India-In
novates-Auxesis\backend
\https:\cdn.jsdelivr.ne
t\npm\@tensorflow\tfjs-
backend-wasm@4.22.0\dis
t\tfjs-backend-wasm-sim
d.wasm'). Build with 
-sASSERTIONS for more 
info.
Aborted(RuntimeError: 
Aborted(Error: ENOENT: 
no such file or 
directory, open 'C:\Use
rs\Lenovo\.gemini\antig
ravity\scratch\India-In
novates-Auxesis\backend
\https:\cdn.jsdelivr.ne
t\npm\@tensorflow\tfjs-
backend-wasm@4.22.0\dis
t\tfjs-backend-wasm-sim
d.wasm'). Build with 
-sASSERTIONS for more 
info.)
Initialization of 
backend wasm failed
Make sure the server 
can serve the `.wasm` 
file relative to the 
bundled js file. For 
more details see https:
//github.com/tensorflow
/tfjs/blob/master/tfjs-
backend-wasm/README.md#
using-bundlers
Aborted(Error: ENOENT: 
no such file or 
directory, open 'C:\Use
rs\Lenovo\.gemini\antig
ravity\scratch\India-In
novates-Auxesis\backend
\https:\cdn.jsdelivr.ne
t\npm\@tensorflow\tfjs-
backend-wasm@4.22.0\dis
t\tfjs-backend-wasm-sim
d.wasm')
failed to 
asynchronously prepare 
wasm: RuntimeError: 
Aborted(Error: ENOENT: 
no such file or 
directory, open 'C:\Use
rs\Lenovo\.gemini\antig
ravity\scratch\India-In
novates-Auxesis\backend
\https:\cdn.jsdelivr.ne
t\npm\@tensorflow\tfjs-
backend-wasm@4.22.0\dis
t\tfjs-backend-wasm-sim
d.wasm'). Build with 
-sASSERTIONS for more 
info.
Aborted(RuntimeError: 
Aborted(Error: ENOENT: 
no such file or 
directory, open 'C:\Use
rs\Lenovo\.gemini\antig
ravity\scratch\India-In
novates-Auxesis\backend
\https:\cdn.jsdelivr.ne
t\npm\@tensorflow\tfjs-
backend-wasm@4.22.0\dis
t\tfjs-backend-wasm-sim
d.wasm'). Build with 
-sASSERTIONS for more 
info.)
Initialization of 
backend wasm failed
RuntimeError: 
Aborted(Error: ENOENT: 
no such file or 
directory, open 'C:\Use
rs\Lenovo\.gemini\antig
ravity\scratch\India-In
novates-Auxesis\backend
\https:\cdn.jsdelivr.ne
t\npm\@tensorflow\tfjs-
backend-wasm@4.22.0\dis
t\tfjs-backend-wasm-sim
d.wasm'). Build with 
-sASSERTIONS for more 
info.
    at abort (C:\Users\
Lenovo\.gemini\antigrav
ity\scratch\India-Innov
ates-Auxesis\backend\no
de_modules\@tensorflow\
tfjs-backend-wasm\dist\
wasm-out\tfjs-backend-w
asm.js:9:7829)
    at getBinary (C:\Us
ers\Lenovo\.gemini\anti
gravity\scratch\India-I
nnovates-Auxesis\backen
d\node_modules\@tensorf
low\tfjs-backend-wasm\d
ist\wasm-out\tfjs-backe
nd-wasm.js:9:8427)
    at C:\Users\Lenovo\
.gemini\antigravity\scr
atch\India-Innovates-Au
xesis\backend\node_modu
les\@tensorflow\tfjs-ba
ckend-wasm\dist\wasm-ou
t\tfjs-backend-wasm.js:
9:9038
    at processTicksAndR
ejections (node:interna
l/process/task_queues:1
04:5)
19:33:46.632 Human: error: cannot set backend: wasm Error: Could not initialize any backends, all backend initializations failed.
    at Engine.<anonymous> (C:\Users\Lenovo\.gemini\antigravity\scratch\India-Innovates-Auxesis\backend\tfjs-core\src\engine.ts:206:11)
    at step (C:\Users\Lenovo\.gemini\antigravity\scratch\India-Innovates-Auxesis\backend\node_modules\tslib\tslib.es6.js:102:23)
    at Object.next (C:\Users\Lenovo\.gemini\antigravity\scratch\India-Innovates-Auxesis\backend\node_modules\tslib\tslib.es6.js:83:53)
    at fulfilled (C:\Users\Lenovo\.gemini\antigravity\scratch\India-Innovates-Auxesis\backend\node_modules\tslib\tslib.es6.js:73:58)
    at processTicksAndRejections (node:internal/process/task_queues:104:5)
19:33:46.706 Human: error: backend check failed
Aborted(Error: ENOENT: 
no such file or 
directory, open 'C:\Use
rs\Lenovo\.gemini\antig
ravity\scratch\India-In
novates-Auxesis\backend
\https:\cdn.jsdelivr.ne
t\npm\@tensorflow\tfjs-
backend-wasm@4.22.0\dis
t\tfjs-backend-wasm-sim
d.wasm')
failed to 
asynchronously prepare 
wasm: RuntimeError: 
Aborted(Error: ENOENT: 
no such file or 
directory, open 'C:\Use
rs\Lenovo\.gemini\antig
ravity\scratch\India-In
novates-Auxesis\backend
\https:\cdn.jsdelivr.ne
t\npm\@tensorflow\tfjs-
backend-wasm@4.22.0\dis
t\tfjs-backend-wasm-sim
d.wasm'). Build with 
-sASSERTIONS for more 
info.
Aborted(RuntimeError: 
Aborted(Error: ENOENT: 
no such file or 
directory, open 'C:\Use
rs\Lenovo\.gemini\antig
ravity\scratch\India-In
novates-Auxesis\backend
\https:\cdn.jsdelivr.ne
t\npm\@tensorflow\tfjs-
backend-wasm@4.22.0\dis
t\tfjs-backend-wasm-sim
d.wasm'). Build with 
-sASSERTIONS for more 
info.)
Initialization of 
backend wasm failed
RuntimeError: 
Aborted(Error: ENOENT: 
no such file or 
directory, open 'C:\Use
rs\Lenovo\.gemini\antig
ravity\scratch\India-In
novates-Auxesis\backend
\https:\cdn.jsdelivr.ne
t\npm\@tensorflow\tfjs-
backend-wasm@4.22.0\dis
t\tfjs-backend-wasm-sim
d.wasm'). Build with 
-sASSERTIONS for more 
info.
    at abort (C:\Users\
Lenovo\.gemini\antigrav
ity\scratch\India-Innov
ates-Auxesis\backend\no
de_modules\@tensorflow\
tfjs-backend-wasm\dist\
wasm-out\tfjs-backend-w
asm.js:9:7829)
    at getBinary (C:\Us
ers\Lenovo\.gemini\anti
gravity\scratch\India-I
nnovates-Auxesis\backen
d\node_modules\@tensorf
low\tfjs-backend-wasm\d
ist\wasm-out\tfjs-backe
nd-wasm.js:9:8427)
    at C:\Users\Lenovo\
.gemini\antigravity\scr
atch\India-Innovates-Au
xesis\backend\node_modu
les\@tensorflow\tfjs-ba
ckend-wasm\dist\wasm-ou
t\tfjs-backend-wasm.js:
9:9038
    at processTicksAndR
ejections (node:interna
l/process/task_queues:1
04:5)
Error: Could not 
initialize any 
backends, all backend 
initializations failed.
    at 
Engine.<anonymous> (C:\
Users\Lenovo\.gemini\an
tigravity\scratch\India
-Innovates-Auxesis\back
end\tfjs-core\src\engin
e.ts:206:11)
    at step (C:\Users\L
enovo\.gemini\antigravi
ty\scratch\India-Innova
tes-Auxesis\backend\nod
e_modules\tslib\tslib.e
s6.js:102:23)
    at Object.next (C:\
Users\Lenovo\.gemini\an
tigravity\scratch\India
-Innovates-Auxesis\back
end\node_modules\tslib\
tslib.es6.js:83:53)
    at fulfilled (C:\Us
ers\Lenovo\.gemini\anti
gravity\scratch\India-I
nnovates-Auxesis\backen
d\node_modules\tslib\ts
lib.es6.js:73:58)
    at processTicksAndR
ejections (node:interna
l/process/task_queues:1
04:5)
